2025-10-01 17:47:38 UTC
Windows-11-10.0.26100-SP0
Ren'Py 8.4.1.25072401

Early init took 31 ms
Loading error handling took 18 ms
Loading script took 102 ms
Loading save slot metadata took 25 ms
Loading persistent took 0 ms
Running init code took 36 ms
Loading analysis data took 7 ms
Analyze and compile ATL took 1 ms
Reloading save slot metadata took 12 ms
Dump and make backups took 26 ms
Cleaning cache took 1 ms
Making clean stores took 0 ms
Initial gc took 55 ms
DPI scale factor: 1.000000
nvdrs: Loaded, about to disable thread optimizations.
nvdrs: b"Couldn't load nvlib." (can be ignored)
Creating interface object took 1 ms
Init translation took 0 ms
Cleaning stores took 1 ms
Load screen analysis took 32 ms
Analyze screens took 0 ms
Save screen analysis took 1 ms
Save pyanalysis took 0 ms
Save bytecode took 0 ms
Running _start took 0 ms
Interface start took 241 ms

Initializing gl2 renderer:
primary display bounds: (0, 0, 1920, 1080)
swap interval: 1 frames
Windowed mode.
Vendor: 'Intel'
Renderer: 'Intel(R) Iris(R) Xe Graphics'
Version: '4.6.0 - Build 32.0.101.6913'
Display Info: <Info({'bitsize': 32, 'bytesize': 4, 'masks': (16711680, 65280, 255, 0), 'shifts': (16, 8, 0, 0), 'losses': (0, 0, 0, 8), 'current_w': 1920, 'current_h': 1080, 'refresh_rate': 75, 'hw': False, 'wm': True, 'video_mem': 268435456, 'blit_hw': False, 'blit_hw_CC': False, 'blit_hw_A': False, 'blit_sw': False, 'blit_sw_CC': False, 'blit_sw_A': False})>
Screen sizes: virtual=(2560, 1600) physical=(958, 599) drawable=(958, 599)
Maximum texture size: 4096x4096
Resetting cache.
Early init took 8 ms
Loading error handling took 20 ms
Loading script took 148 ms
Loading save slot metadata took 15 ms
Loading persistent took 0 ms
Running init code took 28 ms
Loading analysis data took 7 ms
Analyze and compile ATL took 1 ms
Reloading save slot metadata took 12 ms
Backing up script files to 'C:\\Users\\puxka\\AppData\\Roaming/RenPy/backups\\version 1.0':
Dump and make backups took 31 ms
Cleaning cache took 0 ms
Making clean stores took 0 ms
Initial gc took 59 ms
DPI scale factor: 1.000000
Creating interface object took 0 ms
Init translation took 1 ms
Cleaning stores took 0 ms
Load screen analysis took 0 ms
Analyze screens took 16 ms
Save screen analysis took 14 ms
Save pyanalysis took 0 ms
Save bytecode took 1 ms
Running _start took 0 ms
Interface start took 197 ms

Initializing gl2 renderer:
primary display bounds: (0, 0, 1920, 1080)
swap interval: 1 frames
Windowed mode.
Vendor: 'Intel'
Renderer: 'Intel(R) Iris(R) Xe Graphics'
Version: '4.6.0 - Build 32.0.101.6913'
Display Info: <Info({'bitsize': 32, 'bytesize': 4, 'masks': (16711680, 65280, 255, 0), 'shifts': (16, 8, 0, 0), 'losses': (0, 0, 0, 8), 'current_w': 1920, 'current_h': 1080, 'refresh_rate': 75, 'hw': False, 'wm': True, 'video_mem': 268435456, 'blit_hw': False, 'blit_hw_CC': False, 'blit_hw_A': False, 'blit_sw': False, 'blit_sw_CC': False, 'blit_sw_A': False})>
Screen sizes: virtual=(2560, 1600) physical=(958, 599) drawable=(958, 599)
Maximum texture size: 4096x4096
Resetting cache.
Early init took 7 ms
Loading error handling took 7 ms
Loading script took 133 ms
Loading save slot metadata took 14 ms
Loading persistent took 0 ms
Running init code took 27 ms
Loading analysis data took 5 ms
Analyze and compile ATL took 1 ms
Reloading save slot metadata took 13 ms
Backing up script files to 'C:\\Users\\puxka\\AppData\\Roaming/RenPy/backups\\version 1.0':
Dump and make backups took 36 ms
Cleaning cache took 1 ms
Making clean stores took 0 ms
Initial gc took 58 ms
DPI scale factor: 1.000000
Creating interface object took 0 ms
Init translation took 0 ms
Cleaning stores took 0 ms
Load screen analysis took 2 ms
Analyze screens took 19 ms
Save screen analysis took 14 ms
Save pyanalysis took 0 ms
Save bytecode took 0 ms
Running _start took 1 ms
Interface start took 231 ms

Initializing gl2 renderer:
primary display bounds: (0, 0, 1920, 1080)
swap interval: 1 frames
Windowed mode.
Vendor: 'Intel'
Renderer: 'Intel(R) Iris(R) Xe Graphics'
Version: '4.6.0 - Build 32.0.101.6913'
Display Info: <Info({'bitsize': 32, 'bytesize': 4, 'masks': (16711680, 65280, 255, 0), 'shifts': (16, 8, 0, 0), 'losses': (0, 0, 0, 8), 'current_w': 1920, 'current_h': 1080, 'refresh_rate': 75, 'hw': False, 'wm': True, 'video_mem': 268435456, 'blit_hw': False, 'blit_hw_CC': False, 'blit_hw_A': False, 'blit_sw': False, 'blit_sw_CC': False, 'blit_sw_A': False})>
Screen sizes: virtual=(2560, 1600) physical=(958, 599) drawable=(958, 599)
Maximum texture size: 4096x4096
Resetting cache.
Early init took 6 ms
Loading error handling took 8 ms
Loading script took 139 ms
Loading save slot metadata took 14 ms
Loading persistent took 0 ms
Running init code took 27 ms
Loading analysis data took 5 ms
Analyze and compile ATL took 1 ms
Reloading save slot metadata took 13 ms
Backing up script files to 'C:\\Users\\puxka\\AppData\\Roaming/RenPy/backups\\version 1.0':
Dump and make backups took 31 ms
Cleaning cache took 0 ms
Making clean stores took 0 ms
Initial gc took 94 ms
DPI scale factor: 1.000000
Creating interface object took 1 ms
Init translation took 0 ms
Cleaning stores took 0 ms
Load screen analysis took 0 ms
Analyze screens took 17 ms
Save screen analysis took 15 ms
Save pyanalysis took 8 ms
Save bytecode took 0 ms
Running _start took 0 ms
Interface start took 218 ms

Initializing gl2 renderer:
primary display bounds: (0, 0, 1920, 1080)
swap interval: 1 frames
Windowed mode.
Vendor: 'Intel'
Renderer: 'Intel(R) Iris(R) Xe Graphics'
Version: '4.6.0 - Build 32.0.101.6913'
Display Info: <Info({'bitsize': 32, 'bytesize': 4, 'masks': (16711680, 65280, 255, 0), 'shifts': (16, 8, 0, 0), 'losses': (0, 0, 0, 8), 'current_w': 1920, 'current_h': 1080, 'refresh_rate': 75, 'hw': False, 'wm': True, 'video_mem': 268435456, 'blit_hw': False, 'blit_hw_CC': False, 'blit_hw_A': False, 'blit_sw': False, 'blit_sw_CC': False, 'blit_sw_A': False})>
Screen sizes: virtual=(2560, 1600) physical=(958, 599) drawable=(958, 599)
Maximum texture size: 4096x4096
Resetting cache.
Early init took 6 ms
Loading error handling took 7 ms
Loading script took 133 ms
Loading save slot metadata took 15 ms
Loading persistent took 1 ms

File "game/screens.rpy", line 1202: expected a keyword argument, colon, or end of line.
    add DynamicImage()"planta_marchita" ysize 450 xsize 400
                      ^
DPI scale factor: 1.000000
Interface start took 125 ms

Initializing gl2 renderer:
primary display bounds: (0, 0, 1920, 1080)
swap interval: 1 frames
Windowed mode.
Vendor: 'Intel'
Renderer: 'Intel(R) Iris(R) Xe Graphics'
Version: '4.6.0 - Build 32.0.101.6913'
Display Info: <Info({'bitsize': 32, 'bytesize': 4, 'masks': (16711680, 65280, 255, 0), 'shifts': (16, 8, 0, 0), 'losses': (0, 0, 0, 8), 'current_w': 1920, 'current_h': 1080, 'refresh_rate': 75, 'hw': False, 'wm': True, 'video_mem': 268435456, 'blit_hw': False, 'blit_hw_CC': False, 'blit_hw_A': False, 'blit_sw': False, 'blit_sw_CC': False, 'blit_sw_A': False})>
Screen sizes: virtual=(2560, 1600) physical=(958, 599) drawable=(958, 599)
Maximum texture size: 4096x4096
Resetting cache.
Early init took 5 ms
Loading error handling took 8 ms
Loading script took 268 ms
Loading save slot metadata took 22 ms
Loading persistent took 0 ms
Running init code took 71 ms
Loading analysis data took 13 ms
Analyze and compile ATL took 2 ms
Reloading save slot metadata took 13 ms
Backing up script files to 'C:\\Users\\puxka\\AppData\\Roaming/RenPy/backups\\version 1.0':
Dump and make backups took 34 ms
Cleaning cache took 0 ms
Making clean stores took 1 ms
Initial gc took 48 ms
DPI scale factor: 1.000000
Creating interface object took 0 ms
Init translation took 0 ms
Cleaning stores took 0 ms
Load screen analysis took 1 ms
Analyze screens took 21 ms
Save screen analysis took 17 ms
Save pyanalysis took 0 ms
Save bytecode took 2 ms
Running _start took 0 ms
Interface start took 210 ms

Initializing gl2 renderer:
primary display bounds: (0, 0, 1920, 1080)
swap interval: 1 frames
Windowed mode.
Vendor: 'Intel'
Renderer: 'Intel(R) Iris(R) Xe Graphics'
Version: '4.6.0 - Build 32.0.101.6913'
Display Info: <Info({'bitsize': 32, 'bytesize': 4, 'masks': (16711680, 65280, 255, 0), 'shifts': (16, 8, 0, 0), 'losses': (0, 0, 0, 8), 'current_w': 1920, 'current_h': 1080, 'refresh_rate': 75, 'hw': False, 'wm': True, 'video_mem': 268435456, 'blit_hw': False, 'blit_hw_CC': False, 'blit_hw_A': False, 'blit_sw': False, 'blit_sw_CC': False, 'blit_sw_A': False})>
Screen sizes: virtual=(2560, 1600) physical=(958, 599) drawable=(958, 599)
Maximum texture size: 4096x4096
Resetting cache.
Early init took 7 ms
Loading error handling took 8 ms
Loading script took 265 ms
Loading save slot metadata took 16 ms
Loading persistent took 0 ms
Running init code took 42 ms
Loading analysis data took 5 ms
Analyze and compile ATL took 1 ms
Reloading save slot metadata took 13 ms
Backing up script files to 'C:\\Users\\puxka\\AppData\\Roaming/RenPy/backups\\version 1.0':
Dump and make backups took 37 ms
Cleaning cache took 0 ms
Making clean stores took 0 ms
Initial gc took 68 ms
DPI scale factor: 1.000000
Creating interface object took 0 ms
Init translation took 0 ms
Cleaning stores took 1 ms
Load screen analysis took 0 ms
Analyze screens took 15 ms
Save screen analysis took 14 ms
Save pyanalysis took 0 ms
Save bytecode took 1 ms
Running _start took 1 ms
Interface start took 252 ms

Initializing gl2 renderer:
primary display bounds: (0, 0, 1920, 1080)
swap interval: 1 frames
Windowed mode.
Vendor: 'Intel'
Renderer: 'Intel(R) Iris(R) Xe Graphics'
Version: '4.6.0 - Build 32.0.101.6913'
Display Info: <Info({'bitsize': 32, 'bytesize': 4, 'masks': (16711680, 65280, 255, 0), 'shifts': (16, 8, 0, 0), 'losses': (0, 0, 0, 8), 'current_w': 1920, 'current_h': 1080, 'refresh_rate': 75, 'hw': False, 'wm': True, 'video_mem': 268435456, 'blit_hw': False, 'blit_hw_CC': False, 'blit_hw_A': False, 'blit_sw': False, 'blit_sw_CC': False, 'blit_sw_A': False})>
Screen sizes: virtual=(2560, 1600) physical=(958, 599) drawable=(958, 599)
Maximum texture size: 4096x4096

Full traceback:
  File "renpy/display/image.py", line 683, in find_target
    target = renpy.easy.dynamic_image(self.name, scope, prefix=prefix, search=search)
             ~~~~~~~~~~~~~~~~~~~~~~~~^^^^^^^^^^^^^^^^^^^^^^^^^^^^^^^^^^^^^^^^^^^^^^^^
  File "renpy/easy.py", line 194, in dynamic_image
    rv = renpy.substitutions.substitute(i, scope=scope, force=True, translate=False)[0]
         ~~~~~~~~~~~~~~~~~~~~~~~~~~~~~~^^^^^^^^^^^^^^^^^^^^^^^^^^^^^^^^^^^^^^^^^^^^^   
  File "renpy/substitutions.py", line 355, in substitute
    s = interpolate(s, variables)  # type: ignore
        ~~~~~~~~~~~^^^^^^^^^^^^^^                
  File "renpy/substitutions.py", line 89, in interpolate
    raise e
  File "renpy/substitutions.py", line 81, in interpolate
    value = renpy.python.py_eval(code, {}, scope)
            ~~~~~~~~~~~~~~~~~~~~^^^^^^^^^^^^^^^^^
  File "renpy/python.py", line 1292, in py_eval
    return py_eval_bytecode(code, globals, locals)
           ~~~~~~~~~~~~~~~~^^^^^^^^^^^^^^^^^^^^^^^
  File "renpy/python.py", line 1285, in py_eval_bytecode
    return eval(bytecode, globals, locals)
           ~~~~^^^^^^^^^^^^^^^^^^^^^^^^^^^
  File "<none>", line 1, in <module>
NameError: name 'es' is not defined

During handling of the above exception, another exception occurred:

Traceback (most recent call last):
  File "renpy/display/core.py", line 2219, in interact
    repeat, rv = self.interact_core(
                 ~~~~~~~~~~~~~~~~~~^
        preloads=preloads,
        ^^^^^^^^^^^^^^^^^^
    ...<4 lines>...
        **kwargs,
        ^^^^^^^^^
    )  # type: ignore
    ^                
  File "renpy/display/core.py", line 2757, in interact_core
    root_widget.visit_all(lambda d: d.per_interact())
    ~~~~~~~~~~~~~~~~~~~~~^^^^^^^^^^^^^^^^^^^^^^^^^^^^
  File "renpy/display/displayable.py", line 432, in visit_all
    d.visit_all(callback, seen)
    ~~~~~~~~~~~^^^^^^^^^^^^^^^^
  File "renpy/display/displayable.py", line 432, in visit_all
    d.visit_all(callback, seen)
    ~~~~~~~~~~~^^^^^^^^^^^^^^^^
  File "renpy/display/displayable.py", line 432, in visit_all
    d.visit_all(callback, seen)
    ~~~~~~~~~~~^^^^^^^^^^^^^^^^
  File "renpy/display/screen.py", line 508, in visit_all
    self.child.visit_all(callback, seen=None)
    ~~~~~~~~~~~~~~~~~~~~^^^^^^^^^^^^^^^^^^^^^
  File "renpy/display/displayable.py", line 432, in visit_all
    d.visit_all(callback, seen)
    ~~~~~~~~~~~^^^^^^^^^^^^^^^^
  File "renpy/display/displayable.py", line 432, in visit_all
    d.visit_all(callback, seen)
    ~~~~~~~~~~~^^^^^^^^^^^^^^^^
  File "renpy/display/displayable.py", line 432, in visit_all
    d.visit_all(callback, seen)
    ~~~~~~~~~~~^^^^^^^^^^^^^^^^
[Previous line repeated 6 more times]
  File "renpy/display/displayable.py", line 423, in visit_all
    for d in self.visit():
             ~~~~~~~~~~^^ 
  File "renpy/display/image.py", line 799, in visit
    self.find_target()
    ~~~~~~~~~~~~~~~~^^
  File "renpy/display/image.py", line 687, in find_target
    raise Exception("In DynamicImage %r: %r" % (self.name, e))
Exception: In DynamicImage 'planta_[es]': NameError("name 'es' is not defined")

During handling of the above exception, another exception occurred:

Traceback (most recent call last):
  File "renpy/display/image.py", line 683, in find_target
    target = renpy.easy.dynamic_image(self.name, scope, prefix=prefix, search=search)
             ~~~~~~~~~~~~~~~~~~~~~~~~^^^^^^^^^^^^^^^^^^^^^^^^^^^^^^^^^^^^^^^^^^^^^^^^
  File "renpy/easy.py", line 194, in dynamic_image
    rv = renpy.substitutions.substitute(i, scope=scope, force=True, translate=False)[0]
         ~~~~~~~~~~~~~~~~~~~~~~~~~~~~~~^^^^^^^^^^^^^^^^^^^^^^^^^^^^^^^^^^^^^^^^^^^^^   
  File "renpy/substitutions.py", line 355, in substitute
    s = interpolate(s, variables)  # type: ignore
        ~~~~~~~~~~~^^^^^^^^^^^^^^                
  File "renpy/substitutions.py", line 89, in interpolate
    raise e
  File "renpy/substitutions.py", line 81, in interpolate
    value = renpy.python.py_eval(code, {}, scope)
            ~~~~~~~~~~~~~~~~~~~~^^^^^^^^^^^^^^^^^
  File "renpy/python.py", line 1292, in py_eval
    return py_eval_bytecode(code, globals, locals)
           ~~~~~~~~~~~~~~~~^^^^^^^^^^^^^^^^^^^^^^^
  File "renpy/python.py", line 1285, in py_eval_bytecode
    return eval(bytecode, globals, locals)
           ~~~~^^^^^^^^^^^^^^^^^^^^^^^^^^^
  File "<none>", line 1, in <module>
NameError: name 'es' is not defined

During handling of the above exception, another exception occurred:

Traceback (most recent call last):
  File "renpy/common/00gamemenu.rpy", line 174, in script
    $ ui.interact()
  File "renpy/ast.py", line 1187, in execute
    renpy.python.py_exec_bytecode(self.code.bytecode, self.hide, store=self.store)
    ~~~~~~~~~~~~~~~~~~~~~~~~~~~~~^^^^^^^^^^^^^^^^^^^^^^^^^^^^^^^^^^^^^^^^^^^^^^^^^
  File "renpy/python.py", line 1260, in py_exec_bytecode
    exec(bytecode, globals, locals)
    ~~~~^^^^^^^^^^^^^^^^^^^^^^^^^^^
  File "renpy/common/00gamemenu.rpy", line 174, in <module>
    $ ui.interact()
      ~~~~~~~~~~~^^
  File "renpy/ui.py", line 304, in interact
    rv = renpy.game.interface.interact(roll_forward=roll_forward, **kwargs)
         ~~~~~~~~~~~~~~~~~~~~~~~~~~~~~^^^^^^^^^^^^^^^^^^^^^^^^^^^^^^^^^^^^^
  File "renpy/display/core.py", line 2242, in interact
    scene_lists.replace_transient()
    ~~~~~~~~~~~~~~~~~~~~~~~~~~~~~^^
  File "renpy/display/scenelists.py", line 255, in replace_transient
    self.remove(layer, tag, prefix=p if p is not None else prefix)
    ~~~~~~~~~~~^^^^^^^^^^^^^^^^^^^^^^^^^^^^^^^^^^^^^^^^^^^^^^^^^^^
  File "renpy/display/scenelists.py", line 590, in remove
    self.hide_or_replace(layer, remove_index, prefix)
    ~~~~~~~~~~~~~~~~~~~~^^^^^^^^^^^^^^^^^^^^^^^^^^^^^
  File "renpy/display/scenelists.py", line 490, in hide_or_replace
    if not oldsle.displayable._handles_event(prefix):
           ~~~~~~~~~~~~~~~~~~~~~~~~~~~~~~~~~^^^^^^^^ 
  File "renpy/display/screen.py", line 555, in _handles_event
    return self.child._handles_event(event)
           ~~~~~~~~~~~~~~~~~~~~~~~~~^^^^^^^
  File "renpy/display/layout.py", line 138, in _handles_event
    if i._handles_event(event):
       ~~~~~~~~~~~~~~~~^^^^^^^ 
  File "renpy/display/layout.py", line 138, in _handles_event
    if i._handles_event(event):
       ~~~~~~~~~~~~~~~~^^^^^^^ 
  File "renpy/display/layout.py", line 138, in _handles_event
    if i._handles_event(event):
       ~~~~~~~~~~~~~~~~^^^^^^^ 
[Previous line repeated 5 more times]
  File "renpy/display/transform.py", line 944, in _handles_event
    if self.child and self.child._handles_event(event):
                      ~~~~~~~~~~~~~~~~~~~~~~~~~^^^^^^^ 
  File "renpy/display/image.py", line 763, in _handles_event
    self.find_target()
    ~~~~~~~~~~~~~~~~^^
  File "renpy/display/image.py", line 687, in find_target
    raise Exception("In DynamicImage %r: %r" % (self.name, e))
Exception: In DynamicImage 'planta_[es]': NameError("name 'es' is not defined")

While running game code:
NameError: name 'es' is not defined

During handling of the above exception, another exception occurred:

Exception: In DynamicImage 'planta_[es]': NameError("name 'es' is not defined")

During handling of the above exception, another exception occurred:

NameError: name 'es' is not defined

During handling of the above exception, another exception occurred:

Exception: In DynamicImage 'planta_[es]': NameError("name 'es' is not defined")
Resetting cache.
Early init took 7 ms
Loading error handling took 7 ms
Loading script took 266 ms
Loading save slot metadata took 18 ms
Loading persistent took 0 ms
Running init code took 30 ms
Loading analysis data took 6 ms
Analyze and compile ATL took 1 ms
Reloading save slot metadata took 14 ms
Backing up script files to 'C:\\Users\\puxka\\AppData\\Roaming/RenPy/backups\\version 1.0':
Dump and make backups took 36 ms
Cleaning cache took 0 ms
Making clean stores took 0 ms
Initial gc took 53 ms
DPI scale factor: 1.000000
Creating interface object took 0 ms
Init translation took 1 ms
Cleaning stores took 0 ms
Load screen analysis took 0 ms
Analyze screens took 16 ms
Save screen analysis took 15 ms
Save pyanalysis took 0 ms
Save bytecode took 0 ms
Running _start took 1 ms
Interface start took 233 ms

Initializing gl2 renderer:
primary display bounds: (0, 0, 1920, 1080)
swap interval: 1 frames
Windowed mode.
Vendor: 'Intel'
Renderer: 'Intel(R) Iris(R) Xe Graphics'
Version: '4.6.0 - Build 32.0.101.6913'
Display Info: <Info({'bitsize': 32, 'bytesize': 4, 'masks': (16711680, 65280, 255, 0), 'shifts': (16, 8, 0, 0), 'losses': (0, 0, 0, 8), 'current_w': 1920, 'current_h': 1080, 'refresh_rate': 75, 'hw': False, 'wm': True, 'video_mem': 268435456, 'blit_hw': False, 'blit_hw_CC': False, 'blit_hw_A': False, 'blit_sw': False, 'blit_sw_CC': False, 'blit_sw_A': False})>
Screen sizes: virtual=(2560, 1600) physical=(958, 599) drawable=(958, 599)
Maximum texture size: 4096x4096
Resetting cache.
Early init took 5 ms
Loading error handling took 10 ms
Loading script took 291 ms
Loading save slot metadata took 15 ms
Loading persistent took 0 ms
Running init code took 30 ms
Loading analysis data took 5 ms
Analyze and compile ATL took 1 ms
Reloading save slot metadata took 12 ms
Backing up script files to 'C:\\Users\\puxka\\AppData\\Roaming/RenPy/backups\\version 1.0':
Dump and make backups took 34 ms
Cleaning cache took 0 ms
Making clean stores took 1 ms
Initial gc took 79 ms
DPI scale factor: 1.000000
Creating interface object took 0 ms
Init translation took 1 ms
Cleaning stores took 0 ms
Load screen analysis took 1 ms
Analyze screens took 15 ms
Save screen analysis took 15 ms
Save pyanalysis took 0 ms
Save bytecode took 0 ms
Running _start took 1 ms
Interface start took 295 ms

Initializing gl2 renderer:
primary display bounds: (0, 0, 1920, 1080)
swap interval: 1 frames
Windowed mode.
Vendor: 'Intel'
Renderer: 'Intel(R) Iris(R) Xe Graphics'
Version: '4.6.0 - Build 32.0.101.6913'
Display Info: <Info({'bitsize': 32, 'bytesize': 4, 'masks': (16711680, 65280, 255, 0), 'shifts': (16, 8, 0, 0), 'losses': (0, 0, 0, 8), 'current_w': 1920, 'current_h': 1080, 'refresh_rate': 75, 'hw': False, 'wm': True, 'video_mem': 268435456, 'blit_hw': False, 'blit_hw_CC': False, 'blit_hw_A': False, 'blit_sw': False, 'blit_sw_CC': False, 'blit_sw_A': False})>
Screen sizes: virtual=(2560, 1600) physical=(958, 599) drawable=(958, 599)
Maximum texture size: 4096x4096

Full traceback:
  File "renpy/display/core.py", line 2219, in interact
    repeat, rv = self.interact_core(
                 ~~~~~~~~~~~~~~~~~~^
        preloads=preloads,
        ^^^^^^^^^^^^^^^^^^
    ...<4 lines>...
        **kwargs,
        ^^^^^^^^^
    )  # type: ignore
    ^                
  File "renpy/display/core.py", line 2757, in interact_core
    root_widget.visit_all(lambda d: d.per_interact())
    ~~~~~~~~~~~~~~~~~~~~~^^^^^^^^^^^^^^^^^^^^^^^^^^^^
  File "renpy/display/displayable.py", line 432, in visit_all
    d.visit_all(callback, seen)
    ~~~~~~~~~~~^^^^^^^^^^^^^^^^
  File "renpy/display/displayable.py", line 432, in visit_all
    d.visit_all(callback, seen)
    ~~~~~~~~~~~^^^^^^^^^^^^^^^^
  File "renpy/display/displayable.py", line 432, in visit_all
    d.visit_all(callback, seen)
    ~~~~~~~~~~~^^^^^^^^^^^^^^^^
[Previous line repeated 1 more time]
  File "renpy/display/screen.py", line 508, in visit_all
    self.child.visit_all(callback, seen=None)
    ~~~~~~~~~~~~~~~~~~~~^^^^^^^^^^^^^^^^^^^^^
  File "renpy/display/displayable.py", line 432, in visit_all
    d.visit_all(callback, seen)
    ~~~~~~~~~~~^^^^^^^^^^^^^^^^
  File "renpy/display/displayable.py", line 432, in visit_all
    d.visit_all(callback, seen)
    ~~~~~~~~~~~^^^^^^^^^^^^^^^^
  File "renpy/display/displayable.py", line 432, in visit_all
    d.visit_all(callback, seen)
    ~~~~~~~~~~~^^^^^^^^^^^^^^^^
[Previous line repeated 6 more times]
  File "renpy/display/displayable.py", line 423, in visit_all
    for d in self.visit():
             ~~~~~~~~~~^^ 
  File "renpy/display/image.py", line 799, in visit
    self.find_target()
    ~~~~~~~~~~~~~~~~^^
  File "renpy/display/image.py", line 699, in find_target
    raise Exception(error)
Exception: DynamicImage 'planta_[jugador.estadoPlanta]': could not find image. ('planta_capullo')

During handling of the above exception, another exception occurred:

Traceback (most recent call last):
  File "renpy/common/00gamemenu.rpy", line 174, in script
    $ ui.interact()
  File "renpy/ast.py", line 1187, in execute
    renpy.python.py_exec_bytecode(self.code.bytecode, self.hide, store=self.store)
    ~~~~~~~~~~~~~~~~~~~~~~~~~~~~~^^^^^^^^^^^^^^^^^^^^^^^^^^^^^^^^^^^^^^^^^^^^^^^^^
  File "renpy/python.py", line 1260, in py_exec_bytecode
    exec(bytecode, globals, locals)
    ~~~~^^^^^^^^^^^^^^^^^^^^^^^^^^^
  File "renpy/common/00gamemenu.rpy", line 174, in <module>
    $ ui.interact()
      ~~~~~~~~~~~^^
  File "renpy/ui.py", line 304, in interact
    rv = renpy.game.interface.interact(roll_forward=roll_forward, **kwargs)
         ~~~~~~~~~~~~~~~~~~~~~~~~~~~~~^^^^^^^^^^^^^^^^^^^^^^^^^^^^^^^^^^^^^
  File "renpy/display/core.py", line 2242, in interact
    scene_lists.replace_transient()
    ~~~~~~~~~~~~~~~~~~~~~~~~~~~~~^^
  File "renpy/display/scenelists.py", line 255, in replace_transient
    self.remove(layer, tag, prefix=p if p is not None else prefix)
    ~~~~~~~~~~~^^^^^^^^^^^^^^^^^^^^^^^^^^^^^^^^^^^^^^^^^^^^^^^^^^^
  File "renpy/display/scenelists.py", line 590, in remove
    self.hide_or_replace(layer, remove_index, prefix)
    ~~~~~~~~~~~~~~~~~~~~^^^^^^^^^^^^^^^^^^^^^^^^^^^^^
  File "renpy/display/scenelists.py", line 490, in hide_or_replace
    if not oldsle.displayable._handles_event(prefix):
           ~~~~~~~~~~~~~~~~~~~~~~~~~~~~~~~~~^^^^^^^^ 
  File "renpy/display/screen.py", line 555, in _handles_event
    return self.child._handles_event(event)
           ~~~~~~~~~~~~~~~~~~~~~~~~~^^^^^^^
  File "renpy/display/layout.py", line 138, in _handles_event
    if i._handles_event(event):
       ~~~~~~~~~~~~~~~~^^^^^^^ 
  File "renpy/display/layout.py", line 138, in _handles_event
    if i._handles_event(event):
       ~~~~~~~~~~~~~~~~^^^^^^^ 
  File "renpy/display/layout.py", line 138, in _handles_event
    if i._handles_event(event):
       ~~~~~~~~~~~~~~~~^^^^^^^ 
[Previous line repeated 5 more times]
  File "renpy/display/transform.py", line 944, in _handles_event
    if self.child and self.child._handles_event(event):
                      ~~~~~~~~~~~~~~~~~~~~~~~~~^^^^^^^ 
  File "renpy/display/image.py", line 763, in _handles_event
    self.find_target()
    ~~~~~~~~~~~~~~~~^^
  File "renpy/display/image.py", line 699, in find_target
    raise Exception(error)
Exception: DynamicImage 'planta_[jugador.estadoPlanta]': could not find image. ('planta_capullo')

While running game code:
Exception: DynamicImage 'planta_[jugador.estadoPlanta]': could not find image. ('planta_capullo')

During handling of the above exception, another exception occurred:

Exception: DynamicImage 'planta_[jugador.estadoPlanta]': could not find image. ('planta_capullo')
Resetting cache.
Early init took 6 ms
Loading error handling took 8 ms
Loading script took 136 ms
Loading save slot metadata took 14 ms
Loading persistent took 0 ms
Running init code took 32 ms
Loading analysis data took 5 ms
Analyze and compile ATL took 1 ms
Reloading save slot metadata took 14 ms
Backing up script files to 'C:\\Users\\puxka\\AppData\\Roaming/RenPy/backups\\version 1.0':
Dump and make backups took 37 ms
Cleaning cache took 0 ms
Making clean stores took 1 ms
Initial gc took 79 ms
DPI scale factor: 1.000000
Creating interface object took 0 ms
Init translation took 0 ms
Cleaning stores took 1 ms
Load screen analysis took 0 ms
Analyze screens took 19 ms
Save screen analysis took 17 ms
Save pyanalysis took 0 ms
Save bytecode took 1 ms
Running _start took 0 ms
Interface start took 266 ms

Initializing gl2 renderer:
primary display bounds: (0, 0, 1920, 1080)
swap interval: 1 frames
Windowed mode.
Vendor: 'Intel'
Renderer: 'Intel(R) Iris(R) Xe Graphics'
Version: '4.6.0 - Build 32.0.101.6913'
Display Info: <Info({'bitsize': 32, 'bytesize': 4, 'masks': (16711680, 65280, 255, 0), 'shifts': (16, 8, 0, 0), 'losses': (0, 0, 0, 8), 'current_w': 1920, 'current_h': 1080, 'refresh_rate': 75, 'hw': False, 'wm': True, 'video_mem': 268435456, 'blit_hw': False, 'blit_hw_CC': False, 'blit_hw_A': False, 'blit_sw': False, 'blit_sw_CC': False, 'blit_sw_A': False})>
Screen sizes: virtual=(2560, 1600) physical=(958, 599) drawable=(958, 599)
Maximum texture size: 4096x4096
Resetting cache.
Early init took 8 ms
Loading error handling took 7 ms
Loading script took 142 ms
Loading save slot metadata took 14 ms
Loading persistent took 0 ms
Running init code took 29 ms
Loading analysis data took 5 ms
Analyze and compile ATL took 1 ms
Reloading save slot metadata took 12 ms
Backing up script files to 'C:\\Users\\puxka\\AppData\\Roaming/RenPy/backups\\version 1.0':
Dump and make backups took 39 ms
Cleaning cache took 0 ms
Making clean stores took 0 ms
Initial gc took 71 ms
DPI scale factor: 1.000000
Creating interface object took 0 ms
Init translation took 0 ms
Cleaning stores took 0 ms
Load screen analysis took 1 ms
Analyze screens took 14 ms
Save screen analysis took 14 ms
Save pyanalysis took 0 ms
Save bytecode took 1 ms
Running _start took 1 ms
Interface start took 246 ms

Initializing gl2 renderer:
primary display bounds: (0, 0, 1920, 1080)
swap interval: 1 frames
Windowed mode.
Vendor: 'Intel'
Renderer: 'Intel(R) Iris(R) Xe Graphics'
Version: '4.6.0 - Build 32.0.101.6913'
Display Info: <Info({'bitsize': 32, 'bytesize': 4, 'masks': (16711680, 65280, 255, 0), 'shifts': (16, 8, 0, 0), 'losses': (0, 0, 0, 8), 'current_w': 1920, 'current_h': 1080, 'refresh_rate': 75, 'hw': False, 'wm': True, 'video_mem': 268435456, 'blit_hw': False, 'blit_hw_CC': False, 'blit_hw_A': False, 'blit_sw': False, 'blit_sw_CC': False, 'blit_sw_A': False})>
Screen sizes: virtual=(2560, 1600) physical=(958, 599) drawable=(958, 599)
Maximum texture size: 4096x4096
Resetting cache.
Early init took 9 ms
Loading error handling took 7 ms
Loading script took 144 ms
Loading save slot metadata took 15 ms
Loading persistent took 0 ms
Running init code took 29 ms
Loading analysis data took 6 ms
Analyze and compile ATL took 3 ms
Reloading save slot metadata took 13 ms
Backing up script files to 'C:\\Users\\puxka\\AppData\\Roaming/RenPy/backups\\version 1.0':
Dump and make backups took 36 ms
Cleaning cache took 0 ms
Making clean stores took 0 ms
Initial gc took 76 ms
DPI scale factor: 1.000000
Creating interface object took 1 ms
Init translation took 0 ms
Cleaning stores took 1 ms
Load screen analysis took 1 ms
Analyze screens took 19 ms
Save screen analysis took 16 ms
Save pyanalysis took 1 ms
Save bytecode took 0 ms
Running _start took 1 ms
Interface start took 275 ms

Initializing gl2 renderer:
primary display bounds: (0, 0, 1920, 1080)
swap interval: 1 frames
Windowed mode.
Vendor: 'Intel'
Renderer: 'Intel(R) Iris(R) Xe Graphics'
Version: '4.6.0 - Build 32.0.101.6913'
Display Info: <Info({'bitsize': 32, 'bytesize': 4, 'masks': (16711680, 65280, 255, 0), 'shifts': (16, 8, 0, 0), 'losses': (0, 0, 0, 8), 'current_w': 1920, 'current_h': 1080, 'refresh_rate': 75, 'hw': False, 'wm': True, 'video_mem': 268435456, 'blit_hw': False, 'blit_hw_CC': False, 'blit_hw_A': False, 'blit_sw': False, 'blit_sw_CC': False, 'blit_sw_A': False})>
Screen sizes: virtual=(2560, 1600) physical=(958, 599) drawable=(958, 599)
Maximum texture size: 4096x4096
Resetting cache.
Early init took 7 ms
Loading error handling took 7 ms
Loading script took 134 ms
Loading save slot metadata took 16 ms
Loading persistent took 0 ms
Running init code took 30 ms
Loading analysis data took 4 ms
Analyze and compile ATL took 2 ms
Reloading save slot metadata took 12 ms
Backing up script files to 'C:\\Users\\puxka\\AppData\\Roaming/RenPy/backups\\version 1.0':
Dump and make backups took 36 ms
Cleaning cache took 0 ms
Making clean stores took 0 ms
Initial gc took 70 ms
DPI scale factor: 1.000000
Creating interface object took 0 ms
Init translation took 1 ms
Cleaning stores took 0 ms
Load screen analysis took 0 ms
Analyze screens took 14 ms
Save screen analysis took 14 ms
Save pyanalysis took 0 ms
Save bytecode took 1 ms
Running _start took 0 ms
Interface start took 260 ms

Initializing gl2 renderer:
primary display bounds: (0, 0, 1920, 1080)
swap interval: 1 frames
Windowed mode.
Vendor: 'Intel'
Renderer: 'Intel(R) Iris(R) Xe Graphics'
Version: '4.6.0 - Build 32.0.101.6913'
Display Info: <Info({'bitsize': 32, 'bytesize': 4, 'masks': (16711680, 65280, 255, 0), 'shifts': (16, 8, 0, 0), 'losses': (0, 0, 0, 8), 'current_w': 1920, 'current_h': 1080, 'refresh_rate': 75, 'hw': False, 'wm': True, 'video_mem': 268435456, 'blit_hw': False, 'blit_hw_CC': False, 'blit_hw_A': False, 'blit_sw': False, 'blit_sw_CC': False, 'blit_sw_A': False})>
Screen sizes: virtual=(2560, 1600) physical=(958, 599) drawable=(958, 599)
Maximum texture size: 4096x4096
Resetting cache.
Early init took 7 ms
Loading error handling took 7 ms
Loading script took 132 ms
Loading save slot metadata took 14 ms
Loading persistent took 1 ms
Running init code took 27 ms
Loading analysis data took 5 ms
Analyze and compile ATL took 1 ms
Reloading save slot metadata took 12 ms
Backing up script files to 'C:\\Users\\puxka\\AppData\\Roaming/RenPy/backups\\version 1.0':
Dump and make backups took 35 ms
Cleaning cache took 0 ms
Making clean stores took 0 ms
Initial gc took 67 ms
DPI scale factor: 1.000000
Creating interface object took 0 ms
Init translation took 0 ms
Cleaning stores took 0 ms
Load screen analysis took 1 ms
Analyze screens took 14 ms
Save screen analysis took 13 ms
Save pyanalysis took 0 ms
Save bytecode took 1 ms
Running _start took 1 ms
Interface start took 240 ms

Initializing gl2 renderer:
primary display bounds: (0, 0, 1920, 1080)
swap interval: 1 frames
Windowed mode.
Vendor: 'Intel'
Renderer: 'Intel(R) Iris(R) Xe Graphics'
Version: '4.6.0 - Build 32.0.101.6913'
Display Info: <Info({'bitsize': 32, 'bytesize': 4, 'masks': (16711680, 65280, 255, 0), 'shifts': (16, 8, 0, 0), 'losses': (0, 0, 0, 8), 'current_w': 1920, 'current_h': 1080, 'refresh_rate': 75, 'hw': False, 'wm': True, 'video_mem': 268435456, 'blit_hw': False, 'blit_hw_CC': False, 'blit_hw_A': False, 'blit_sw': False, 'blit_sw_CC': False, 'blit_sw_A': False})>
Screen sizes: virtual=(2560, 1600) physical=(958, 599) drawable=(958, 599)
Maximum texture size: 4096x4096
Resetting cache.
Early init took 8 ms
Loading error handling took 8 ms
Loading script took 144 ms
Loading save slot metadata took 16 ms
Loading persistent took 0 ms
Running init code took 29 ms
Loading analysis data took 5 ms
Analyze and compile ATL took 1 ms
Reloading save slot metadata took 13 ms
Backing up script files to 'C:\\Users\\puxka\\AppData\\Roaming/RenPy/backups\\version 1.0':
Dump and make backups took 29 ms
Cleaning cache took 0 ms
Making clean stores took 0 ms
Initial gc took 106 ms
DPI scale factor: 1.000000
Creating interface object took 1 ms
Init translation took 0 ms
Cleaning stores took 0 ms
Load screen analysis took 1 ms
Analyze screens took 19 ms
Save screen analysis took 18 ms
Save pyanalysis took 0 ms
Save bytecode took 1 ms
Running _start took 0 ms
Interface start took 363 ms

Initializing gl2 renderer:
primary display bounds: (0, 0, 1920, 1080)
swap interval: 1 frames
Windowed mode.
Vendor: 'Intel'
Renderer: 'Intel(R) Iris(R) Xe Graphics'
Version: '4.6.0 - Build 32.0.101.6913'
Display Info: <Info({'bitsize': 32, 'bytesize': 4, 'masks': (16711680, 65280, 255, 0), 'shifts': (16, 8, 0, 0), 'losses': (0, 0, 0, 8), 'current_w': 1920, 'current_h': 1080, 'refresh_rate': 75, 'hw': False, 'wm': True, 'video_mem': 268435456, 'blit_hw': False, 'blit_hw_CC': False, 'blit_hw_A': False, 'blit_sw': False, 'blit_sw_CC': False, 'blit_sw_A': False})>
Screen sizes: virtual=(2560, 1600) physical=(958, 599) drawable=(958, 599)
Maximum texture size: 4096x4096
Resetting cache.
Early init took 7 ms
Loading error handling took 9 ms
Loading script took 263 ms
Loading save slot metadata took 15 ms
Loading persistent took 1 ms
Running init code took 31 ms
Loading analysis data took 5 ms
Analyze and compile ATL took 2 ms
Reloading save slot metadata took 13 ms
Backing up script files to 'C:\\Users\\puxka\\AppData\\Roaming/RenPy/backups\\version 1.0':
Dump and make backups took 37 ms
Cleaning cache took 0 ms
Making clean stores took 0 ms
Initial gc took 78 ms
DPI scale factor: 1.000000
Creating interface object took 0 ms
Init translation took 0 ms
Cleaning stores took 1 ms
Load screen analysis took 0 ms
Analyze screens took 15 ms
Save screen analysis took 15 ms
Save pyanalysis took 0 ms
Save bytecode took 1 ms
Running _start took 1 ms
Interface start took 272 ms

Initializing gl2 renderer:
primary display bounds: (0, 0, 1920, 1080)
swap interval: 1 frames
Windowed mode.
Vendor: 'Intel'
Renderer: 'Intel(R) Iris(R) Xe Graphics'
Version: '4.6.0 - Build 32.0.101.6913'
Display Info: <Info({'bitsize': 32, 'bytesize': 4, 'masks': (16711680, 65280, 255, 0), 'shifts': (16, 8, 0, 0), 'losses': (0, 0, 0, 8), 'current_w': 1920, 'current_h': 1080, 'refresh_rate': 75, 'hw': False, 'wm': True, 'video_mem': 268435456, 'blit_hw': False, 'blit_hw_CC': False, 'blit_hw_A': False, 'blit_sw': False, 'blit_sw_CC': False, 'blit_sw_A': False})>
Screen sizes: virtual=(2560, 1600) physical=(958, 599) drawable=(958, 599)
Maximum texture size: 4096x4096
Resetting cache.
Early init took 9 ms
Loading error handling took 8 ms
Loading script took 262 ms
Loading save slot metadata took 16 ms
Loading persistent took 0 ms
Running init code took 32 ms
Loading analysis data took 6 ms
Analyze and compile ATL took 1 ms
Reloading save slot metadata took 13 ms
Backing up script files to 'C:\\Users\\puxka\\AppData\\Roaming/RenPy/backups\\version 1.0':
Dump and make backups took 41 ms
Cleaning cache took 0 ms
Making clean stores took 0 ms
Initial gc took 79 ms
DPI scale factor: 1.000000
Creating interface object took 0 ms
Init translation took 0 ms
Cleaning stores took 0 ms
Load screen analysis took 1 ms
Analyze screens took 15 ms
Save screen analysis took 14 ms
Save pyanalysis took 0 ms
Save bytecode took 0 ms
Running _start took 1 ms

Full traceback:
  File "renpy/common/00start.rpy", line 201, in script
    python:
  File "renpy/ast.py", line 1187, in execute
    renpy.python.py_exec_bytecode(self.code.bytecode, self.hide, store=self.store)
    ~~~~~~~~~~~~~~~~~~~~~~~~~~~~~^^^^^^^^^^^^^^^^^^^^^^^^^^^^^^^^^^^^^^^^^^^^^^^^^
  File "renpy/python.py", line 1260, in py_exec_bytecode
    exec(bytecode, globals, locals)
    ~~~~^^^^^^^^^^^^^^^^^^^^^^^^^^^
  File "renpy/common/00start.rpy", line 202, in <module>
    _init_language()
    ~~~~~~~~~~~~~~^^
  File "renpy/common/00start.rpy", line 83, in _init_language
    renpy.change_language(language, force=True)
    ~~~~~~~~~~~~~~~~~~~~~^^^^^^^^^^^^^^^^^^^^^^
  File "renpy/translation/__init__.py", line 841, in change_language
    renpy.style.rebuild()
    ~~~~~~~~~~~~~~~~~~~^^
  File "renpy/style.pyx", line 808, in renpy.style.rebuild
  File "renpy/display/screen.py", line 1035, in prepare_screens
    s.ast.prepare_screen()
    ~~~~~~~~~~~~~~~~~~~~^^
  File "game/screens.rpy", line 1182, in prepare_screen
    screen history():
  File "game/screens.rpy", line 1182, in prepare
    screen history():
  File "game/screens.rpy", line 1189, in prepare
    use game_menu(_("Progreso")):
  File "game/screens.rpy", line 1189, in prepare
    use game_menu(_("Progreso")):
  File "game/screens.rpy", line 1191, in prepare
    hbox:
  File "game/screens.rpy", line 1191, in prepare
    hbox:
  File "game/screens.rpy", line 1193, in prepare
    vbox:
  File "game/screens.rpy", line 1193, in prepare
    vbox:
  File "game/screens.rpy", line 1195, in prepare
    hbox:
  File "game/screens.rpy", line 1195, in prepare
    hbox:
  File "game/screens.rpy", line 1203, in prepare
    vbox:
  File "game/screens.rpy", line 1203, in prepare
    vbox:
  File "game/screens.rpy", line 1208, in prepare
    add DynamicImage("planta_[DynamicImage("planta_[jugador.estadoPlanta]").estadoPlanta]") ysize 450 xsize 400
  File "renpy/pyanalysis.py", line 913, in ast_eval
    return self.ast_eval_literal(expr)[0]
           ~~~~~~~~~~~~~~~~~~~~~^^^^^^   
  File "renpy/pyanalysis.py", line 895, in ast_eval_literal
    expr = py_compile(expr, "eval", ast_node=True)
           ~~~~~~~~~~^^^^^^^^^^^^^^^^^^^^^^^^^^^^^
  File "renpy/python.py", line 1247, in py_compile
    raise e
  File "renpy/python.py", line 1177, in py_compile
    tree = compile(source, filename, py_mode, ast.PyCF_ONLY_AST | flags, True)
           ~~~~~~~^^^^^^^^^^^^^^^^^^^^^^^^^^^^^^^^^^^^^^^^^^^^^^^^^^^^^^^^^^^^
  File "game/screens.rpy", line 1208
    DynamicImage("planta_[DynamicImage("planta_[jugador.estadoPlanta]").estadoPlanta]")
                 ^^^^^^^^^^^^^^^^^^^^^^^^^^^^^^^^^^^^^^^^^^^^^^^^^^^^^^^^^^^^^^^^^^^^^^
SyntaxError: invalid syntax. Perhaps you forgot a comma?

While running game code:
  File "renpy/style.pyx", line 808, in renpy.style.rebuild
  File "game/screens.rpy", line 1182, in prepare_screen
    screen history():
  File "game/screens.rpy", line 1182, in prepare
    screen history():
  File "game/screens.rpy", line 1189, in prepare
    use game_menu(_("Progreso")):
  File "game/screens.rpy", line 1189, in prepare
    use game_menu(_("Progreso")):
  File "game/screens.rpy", line 1191, in prepare
    hbox:
  File "game/screens.rpy", line 1191, in prepare
    hbox:
  File "game/screens.rpy", line 1193, in prepare
    vbox:
  File "game/screens.rpy", line 1193, in prepare
    vbox:
  File "game/screens.rpy", line 1195, in prepare
    hbox:
  File "game/screens.rpy", line 1195, in prepare
    hbox:
  File "game/screens.rpy", line 1203, in prepare
    vbox:
  File "game/screens.rpy", line 1203, in prepare
    vbox:
  File "game/screens.rpy", line 1208, in prepare
    add DynamicImage("planta_[DynamicImage("planta_[jugador.estadoPlanta]").estadoPlanta]") ysize 450 xsize 400
  File "game/screens.rpy", line 1208
    DynamicImage("planta_[DynamicImage("planta_[jugador.estadoPlanta]").estadoPlanta]")
                 ^^^^^^^^^^^^^^^^^^^^^^^^^^^^^^^^^^^^^^^^^^^^^^^^^^^^^^^^^^^^^^^^^^^^^^
SyntaxError: invalid syntax. Perhaps you forgot a comma?
Interface start took 311 ms

Initializing gl2 renderer:
primary display bounds: (0, 0, 1920, 1080)
swap interval: 1 frames
Windowed mode.
Vendor: 'Intel'
Renderer: 'Intel(R) Iris(R) Xe Graphics'
Version: '4.6.0 - Build 32.0.101.6913'
Display Info: <Info({'bitsize': 32, 'bytesize': 4, 'masks': (16711680, 65280, 255, 0), 'shifts': (16, 8, 0, 0), 'losses': (0, 0, 0, 8), 'current_w': 1920, 'current_h': 1080, 'refresh_rate': 75, 'hw': False, 'wm': True, 'video_mem': 268435456, 'blit_hw': False, 'blit_hw_CC': False, 'blit_hw_A': False, 'blit_sw': False, 'blit_sw_CC': False, 'blit_sw_A': False})>
Screen sizes: virtual=(2560, 1600) physical=(958, 599) drawable=(958, 599)
Maximum texture size: 4096x4096

Full traceback:
  File "renpy/common/00start.rpy", line 201, in script
    python:
  File "renpy/ast.py", line 1187, in execute
    renpy.python.py_exec_bytecode(self.code.bytecode, self.hide, store=self.store)
    ~~~~~~~~~~~~~~~~~~~~~~~~~~~~~^^^^^^^^^^^^^^^^^^^^^^^^^^^^^^^^^^^^^^^^^^^^^^^^^
  File "renpy/python.py", line 1260, in py_exec_bytecode
    exec(bytecode, globals, locals)
    ~~~~^^^^^^^^^^^^^^^^^^^^^^^^^^^
  File "renpy/common/00start.rpy", line 202, in <module>
    _init_language()
    ~~~~~~~~~~~~~~^^
  File "renpy/common/00start.rpy", line 83, in _init_language
    renpy.change_language(language, force=True)
    ~~~~~~~~~~~~~~~~~~~~~^^^^^^^^^^^^^^^^^^^^^^
  File "renpy/translation/__init__.py", line 841, in change_language
    renpy.style.rebuild()
    ~~~~~~~~~~~~~~~~~~~^^
  File "renpy/style.pyx", line 808, in renpy.style.rebuild
  File "renpy/display/screen.py", line 1035, in prepare_screens
    s.ast.prepare_screen()
    ~~~~~~~~~~~~~~~~~~~~^^
  File "game/screens.rpy", line 1182, in prepare_screen
    screen history():
  File "game/screens.rpy", line 1182, in prepare
    screen history():
  File "game/screens.rpy", line 1189, in prepare
    use game_menu(_("Progreso")):
  File "game/screens.rpy", line 1189, in prepare
    use game_menu(_("Progreso")):
  File "game/screens.rpy", line 1191, in prepare
    hbox:
  File "game/screens.rpy", line 1191, in prepare
    hbox:
  File "game/screens.rpy", line 1193, in prepare
    vbox:
  File "game/screens.rpy", line 1193, in prepare
    vbox:
  File "game/screens.rpy", line 1195, in prepare
    hbox:
  File "game/screens.rpy", line 1195, in prepare
    hbox:
  File "game/screens.rpy", line 1203, in prepare
    vbox:
  File "game/screens.rpy", line 1203, in prepare
    vbox:
  File "game/screens.rpy", line 1208, in prepare
    add DynamicImage("planta_[DynamicImage("planta_[jugador.estadoPlanta]").estadoPlanta]") ysize 450 xsize 400
  File "renpy/pyanalysis.py", line 913, in ast_eval
    return self.ast_eval_literal(expr)[0]
           ~~~~~~~~~~~~~~~~~~~~~^^^^^^   
  File "renpy/pyanalysis.py", line 895, in ast_eval_literal
    expr = py_compile(expr, "eval", ast_node=True)
           ~~~~~~~~~~^^^^^^^^^^^^^^^^^^^^^^^^^^^^^
  File "renpy/python.py", line 1247, in py_compile
    raise e
  File "renpy/python.py", line 1177, in py_compile
    tree = compile(source, filename, py_mode, ast.PyCF_ONLY_AST | flags, True)
           ~~~~~~~^^^^^^^^^^^^^^^^^^^^^^^^^^^^^^^^^^^^^^^^^^^^^^^^^^^^^^^^^^^^
  File "game/screens.rpy", line 1208
    DynamicImage("planta_[DynamicImage("planta_[jugador.estadoPlanta]").estadoPlanta]")
                 ^^^^^^^^^^^^^^^^^^^^^^^^^^^^^^^^^^^^^^^^^^^^^^^^^^^^^^^^^^^^^^^^^^^^^^
SyntaxError: invalid syntax. Perhaps you forgot a comma?

During handling of the above exception, another exception occurred:

Traceback (most recent call last):
  File "renpy/bootstrap.py", line 376, in bootstrap
    renpy.main.main()
    ~~~~~~~~~~~~~~~^^
  File "renpy/main.py", line 614, in main
    run(restart)
    ~~~^^^^^^^^^
  File "renpy/main.py", line 137, in run
    renpy.execution.run_context(True)
    ~~~~~~~~~~~~~~~~~~~~~~~~~~~^^^^^^
  File "renpy/execution.py", line 1022, in run_context
    context.run()
    ~~~~~~~~~~~^^
  File "renpy/common/00start.rpy", line 201, in script
    python:
  File "renpy/common/00start.rpy", line 201, in script
    python:
  File "renpy/display/error.py", line 135, in report_exception
    renpy.game.invoke_in_new_context(
    ~~~~~~~~~~~~~~~~~~~~~~~~~~~~~~~~^
        call_exception_screen,
        ^^^^^^^^^^^^^^^^^^^^^^
    ...<4 lines>...
        ignore_action=ignore_action,
        ^^^^^^^^^^^^^^^^^^^^^^^^^^^^
    )
    ^
  File "renpy/game.py", line 301, in invoke_in_new_context
    return callable(*args, **kwargs)
           ~~~~~~~~^^^^^^^^^^^^^^^^^
  File "renpy/display/error.py", line 44, in call_exception_screen
    return renpy.ui.interact(mouse="screen", type="screen", suppress_overlay=True, suppress_underlay=True)
           ~~~~~~~~~~~~~~~~~^^^^^^^^^^^^^^^^^^^^^^^^^^^^^^^^^^^^^^^^^^^^^^^^^^^^^^^^^^^^^^^^^^^^^^^^^^^^^^
  File "renpy/ui.py", line 304, in interact
    rv = renpy.game.interface.interact(roll_forward=roll_forward, **kwargs)
         ~~~~~~~~~~~~~~~~~~~~~~~~~~~~~^^^^^^^^^^^^^^^^^^^^^^^^^^^^^^^^^^^^^
  File "renpy/display/core.py", line 2219, in interact
    repeat, rv = self.interact_core(
                 ~~~~~~~~~~~~~~~~~~^
        preloads=preloads,
        ^^^^^^^^^^^^^^^^^^
    ...<4 lines>...
        **kwargs,
        ^^^^^^^^^
    )  # type: ignore
    ^                
  File "renpy/display/core.py", line 2450, in interact_core
    renpy.display.screen.prepare_screens()
    ~~~~~~~~~~~~~~~~~~~~~~~~~~~~~~~~~~~~^^
  File "renpy/display/screen.py", line 1035, in prepare_screens
    s.ast.prepare_screen()
    ~~~~~~~~~~~~~~~~~~~~^^
  File "game/screens.rpy", line 1182, in prepare_screen
    screen history():
  File "game/screens.rpy", line 1182, in prepare
    screen history():
  File "game/screens.rpy", line 1189, in prepare
    use game_menu(_("Progreso")):
  File "game/screens.rpy", line 1189, in prepare
    use game_menu(_("Progreso")):
  File "game/screens.rpy", line 1191, in prepare
    hbox:
  File "game/screens.rpy", line 1191, in prepare
    hbox:
  File "game/screens.rpy", line 1193, in prepare
    vbox:
  File "game/screens.rpy", line 1193, in prepare
    vbox:
  File "game/screens.rpy", line 1195, in prepare
    hbox:
  File "game/screens.rpy", line 1195, in prepare
    hbox:
  File "game/screens.rpy", line 1203, in prepare
    vbox:
  File "game/screens.rpy", line 1203, in prepare
    vbox:
  File "game/screens.rpy", line 1208, in prepare
    add DynamicImage("planta_[DynamicImage("planta_[jugador.estadoPlanta]").estadoPlanta]") ysize 450 xsize 400
  File "renpy/pyanalysis.py", line 913, in ast_eval
    return self.ast_eval_literal(expr)[0]
           ~~~~~~~~~~~~~~~~~~~~~^^^^^^   
  File "renpy/pyanalysis.py", line 895, in ast_eval_literal
    expr = py_compile(expr, "eval", ast_node=True)
           ~~~~~~~~~~^^^^^^^^^^^^^^^^^^^^^^^^^^^^^
  File "renpy/python.py", line 1247, in py_compile
    raise e
  File "renpy/python.py", line 1177, in py_compile
    tree = compile(source, filename, py_mode, ast.PyCF_ONLY_AST | flags, True)
           ~~~~~~~^^^^^^^^^^^^^^^^^^^^^^^^^^^^^^^^^^^^^^^^^^^^^^^^^^^^^^^^^^^^
  File "game/screens.rpy", line 1208
    DynamicImage("planta_[DynamicImage("planta_[jugador.estadoPlanta]").estadoPlanta]")
                 ^^^^^^^^^^^^^^^^^^^^^^^^^^^^^^^^^^^^^^^^^^^^^^^^^^^^^^^^^^^^^^^^^^^^^^
SyntaxError: invalid syntax. Perhaps you forgot a comma?

While running game code:
  File "renpy/style.pyx", line 808, in renpy.style.rebuild
  File "game/screens.rpy", line 1182, in prepare_screen
    screen history():
  File "game/screens.rpy", line 1182, in prepare
    screen history():
  File "game/screens.rpy", line 1189, in prepare
    use game_menu(_("Progreso")):
  File "game/screens.rpy", line 1189, in prepare
    use game_menu(_("Progreso")):
  File "game/screens.rpy", line 1191, in prepare
    hbox:
  File "game/screens.rpy", line 1191, in prepare
    hbox:
  File "game/screens.rpy", line 1193, in prepare
    vbox:
  File "game/screens.rpy", line 1193, in prepare
    vbox:
  File "game/screens.rpy", line 1195, in prepare
    hbox:
  File "game/screens.rpy", line 1195, in prepare
    hbox:
  File "game/screens.rpy", line 1203, in prepare
    vbox:
  File "game/screens.rpy", line 1203, in prepare
    vbox:
  File "game/screens.rpy", line 1208, in prepare
    add DynamicImage("planta_[DynamicImage("planta_[jugador.estadoPlanta]").estadoPlanta]") ysize 450 xsize 400
  File "game/screens.rpy", line 1208
    DynamicImage("planta_[DynamicImage("planta_[jugador.estadoPlanta]").estadoPlanta]")
                 ^^^^^^^^^^^^^^^^^^^^^^^^^^^^^^^^^^^^^^^^^^^^^^^^^^^^^^^^^^^^^^^^^^^^^^
SyntaxError: invalid syntax. Perhaps you forgot a comma?

During handling of the above exception, another exception occurred:

Traceback (most recent call last):
  File "game/screens.rpy", line 1182, in prepare_screen
    screen history():
  File "game/screens.rpy", line 1182, in prepare
    screen history():
  File "game/screens.rpy", line 1189, in prepare
    use game_menu(_("Progreso")):
  File "game/screens.rpy", line 1189, in prepare
    use game_menu(_("Progreso")):
  File "game/screens.rpy", line 1191, in prepare
    hbox:
  File "game/screens.rpy", line 1191, in prepare
    hbox:
  File "game/screens.rpy", line 1193, in prepare
    vbox:
  File "game/screens.rpy", line 1193, in prepare
    vbox:
  File "game/screens.rpy", line 1195, in prepare
    hbox:
  File "game/screens.rpy", line 1195, in prepare
    hbox:
  File "game/screens.rpy", line 1203, in prepare
    vbox:
  File "game/screens.rpy", line 1203, in prepare
    vbox:
  File "game/screens.rpy", line 1208, in prepare
    add DynamicImage("planta_[DynamicImage("planta_[jugador.estadoPlanta]").estadoPlanta]") ysize 450 xsize 400
  File "game/screens.rpy", line 1208
    DynamicImage("planta_[DynamicImage("planta_[jugador.estadoPlanta]").estadoPlanta]")
                 ^^^^^^^^^^^^^^^^^^^^^^^^^^^^^^^^^^^^^^^^^^^^^^^^^^^^^^^^^^^^^^^^^^^^^^
SyntaxError: invalid syntax. Perhaps you forgot a comma?
